#
# There is insufficient memory for the Java Runtime Environment to continue.
# Native memory allocation (malloc) failed to allocate 1468976 bytes. Error detail: Chunk::new
# Possible reasons:
#   The system is out of physical RAM or swap space
#   This process is running with CompressedOops enabled, and the Java Heap may be blocking the growth of the native heap
# Possible solutions:
#   Reduce memory load on the system
#   Increase physical memory or swap space
#   Check if swap backing store is full
#   Decrease Java heap size (-Xmx/-Xms)
#   Decrease number of Java threads
#   Decrease Java thread stack sizes (-Xss)
#   Set larger code cache with -XX:ReservedCodeCacheSize=
#   JVM is running with Unscaled Compressed Oops mode in which the Java heap is
#     placed in the first 4GB address space. The Java Heap base address is the
#     maximum limit for the native heap growth. Please use -XX:HeapBaseMinAddress
#     to set the Java Heap base and to place the Java Heap above 4GB virtual address.
# This output file may be truncated or incomplete.
#
#  Out of Memory Error (arena.cpp:168), pid=11468, tid=17764
#
# JRE version: OpenJDK Runtime Environment Temurin-21.0.12.1+1 (21.0.12.1+1) (build 21.0.12.1+1-LTS)
# Java VM: OpenJDK 64-Bit Server VM Temurin-21.0.12.1+1 (21.0.12.1+1-LTS, mixed mode, sharing, tiered, compressed oops, compressed class ptrs, parallel gc, windows-amd64)
# No core dump will be written. Minidumps are not enabled by default on client versions of Windows
#

---------------  S U M M A R Y ------------

Command Line: --add-modules=ALL-SYSTEM --add-opens=java.base/java.util=ALL-UNNAMED --add-opens=java.base/java.lang=ALL-UNNAMED --add-opens=java.base/sun.nio.fs=ALL-UNNAMED -Declipse.application=org.eclipse.jdt.ls.core.id1 -Dosgi.bundles.defaultStartLevel=4 -Declipse.product=org.eclipse.jdt.ls.core.product -Djava.import.generatesMetadataFilesAtProjectRoot=false -Dm2e.project.cache.size=50 -DDetectVMInstallationsJob.disabled=true -Dfile.encoding=utf8 -XX:+UseParallelGC -XX:GCTimeRatio=4 -XX:AdaptiveSizePolicyWeight=90 -Dsun.zip.disableMemoryMapping=true -Xmx2G -Xms100m -Xlog:disable -javaagent:c:\Users\ONCALL\.vscode\extensions\redhat.java-1.56.0-win32-x64\lombok\lombok-1.18.39-4050.jar -XX:+HeapDumpOnOutOfMemoryError -XX:HeapDumpPath=c:\Users\ONCALL\AppData\Roaming\Code\User\workspaceStorage\0d18a02cec90619d5dccb0ecb6b3322e\redhat.java -Daether.dependencyCollector.impl=bf c:\Users\ONCALL\.vscode\extensions\redhat.java-1.56.0-win32-x64\server\plugins\org.eclipse.equinox.launcher_1.8.0.v20260804-1928.jar -configuration c:\Users\ONCALL\AppData\Roaming\Code\User\globalStorage\redhat.java\1.56.0\config_win -data c:\Users\ONCALL\AppData\Roaming\Code\User\workspaceStorage\0d18a02cec90619d5dccb0ecb6b3322e\redhat.java\jdt_ws --stdio

Host: Intel(R) Core(TM) i5-2520M CPU @ 2.50GHz, 4 cores, 3G,  Windows 10 , 64 bit Build 19041 (10.0.19041.7181)
Time: Fri Sep  4 07:29:53 2026 Sri Lanka Standard Time elapsed time: 144.234856 seconds (0d 0h 2m 24s)

---------------  T H R E A D  ---------------

Current thread (0x000002262e2e5d70):  JavaThread "C2 CompilerThread0" daemon [_thread_in_native, id=17764, stack(0x000000bf13900000,0x000000bf13a00000) (1024K)]


Current CompileTask:
C2:144235 13429  s!   4       org.eclipse.osgi.internal.log.EquinoxLogWriter::log (146 bytes)

Stack: [0x000000bf13900000,0x000000bf13a00000]
Native frames: (J=compiled Java code, j=interpreted, Vv=VM code, C=native code)
V  [jvm.dll+0x6d83e9]
V  [jvm.dll+0x8b5736]
V  [jvm.dll+0x8b7cee]
V  [jvm.dll+0x8b83d3]
V  [jvm.dll+0x284596]
V  [jvm.dll+0xc685d]
V  [jvm.dll+0xc6da1]
V  [jvm.dll+0x3bf151]
V  [jvm.dll+0x38b6d2]
V  [jvm.dll+0x38ab1a]
V  [jvm.dll+0x24c700]
V  [jvm.dll+0x24bce0]
V  [jvm.dll+0x1cb4ae]
V  [jvm.dll+0x25baad]
V  [jvm.dll+0x25a03a]
V  [jvm.dll+0x3f8aae]
V  [jvm.dll+0x8600cd]
V  [jvm.dll+0x6d6c1d]
C  [ucrtbase.dll+0x21bb2]
C  [KERNEL32.DLL+0x17374]
C  [ntdll.dll+0x4cc91]


---------------  P R O C E S S  ---------------

Threads class SMR info:
_java_thread_list=0x00000226769c1850, length=78, elements={
0x00000226178f0ff0, 0x000002262e2dce40, 0x000002262e2de750, 0x000002262e2df670,
0x000002262e2e0590, 0x000002262e2e14b0, 0x000002262e2e4f30, 0x000002262e2e5d70,
0x000002262e3597e0, 0x0000022674164fe0, 0x0000022674247550, 0x00000226747a4420,
0x000002267472f4e0, 0x0000022674637690, 0x0000022674478c30, 0x0000022674ee9b30,
0x0000022674aca4b0, 0x00000226740777d0, 0x00000226742cdff0, 0x00000226742cd2d0,
0x00000226742ce680, 0x00000226742ced10, 0x00000226742cb890, 0x00000226742cbf20,
0x0000022677e8a380, 0x0000022677e85b50, 0x0000022677e88fd0, 0x0000022677e861e0,
0x0000022677e84e30, 0x0000022677e89660, 0x0000022677e8b730, 0x0000022677e882b0,
0x0000022677e8aa10, 0x0000022677e87590, 0x0000022677e847a0, 0x0000022676c781c0,
0x0000022676c75a60, 0x0000022676c77b30, 0x00000226780d3a00, 0x00000226780d4090,
0x00000226780d4720, 0x00000226780d1fc0, 0x00000226766ad4c0, 0x00000226766ace30,
0x00000226766aba80, 0x00000226766aad60, 0x00000226765882f0, 0x0000022676c736f0,
0x0000022676589010, 0x0000022676c70f90, 0x0000022676589d30, 0x00000226765875d0,
0x00000226785c4530, 0x00000226785c3180, 0x00000226785c5250, 0x00000226785c3810,
0x00000226785c5f70, 0x000002267658a3c0, 0x0000022676d9fc70, 0x0000022676d9d510,
0x000002267790b010, 0x00000226752c6070, 0x00000226752c7ab0, 0x00000226752c9b80,
0x00000226752cc2e0, 0x00000226752c87d0, 0x00000226752cd690, 0x00000226752ca8a0,
0x00000226752caf30, 0x00000226752cb5c0, 0x00000226752cbc50, 0x0000022676d9adb0,
0x0000022676d9b440, 0x00000226752c6700, 0x0000022676da0300, 0x0000022676da0990,
0x0000022676d9e8c0, 0x0000022676d9c7f0
}

Java Threads: ( => current thread )
  0x00000226178f0ff0 JavaThread "main"                              [_thread_blocked, id=9872, stack(0x000000bf12f00000,0x000000bf13000000) (1024K)]
  0x000002262e2dce40 JavaThread "Reference Handler"          daemon [_thread_blocked, id=12976, stack(0x000000bf13300000,0x000000bf13400000) (1024K)]
  0x000002262e2de750 JavaThread "Finalizer"                  daemon [_thread_blocked, id=9328, stack(0x000000bf13400000,0x000000bf13500000) (1024K)]
  0x000002262e2df670 JavaThread "Signal Dispatcher"          daemon [_thread_blocked, id=11068, stack(0x000000bf13500000,0x000000bf13600000) (1024K)]
  0x000002262e2e0590 JavaThread "Attach Listener"            daemon [_thread_blocked, id=18096, stack(0x000000bf13600000,0x000000bf13700000) (1024K)]
  0x000002262e2e14b0 JavaThread "Service Thread"             daemon [_thread_blocked, id=8152, stack(0x000000bf13700000,0x000000bf13800000) (1024K)]
  0x000002262e2e4f30 JavaThread "Monitor Deflation Thread"   daemon [_thread_blocked, id=5388, stack(0x000000bf13800000,0x000000bf13900000) (1024K)]
=>0x000002262e2e5d70 JavaThread "C2 CompilerThread0"         daemon [_thread_in_native, id=17764, stack(0x000000bf13900000,0x000000bf13a00000) (1024K)]
  0x000002262e3597e0 JavaThread "C1 CompilerThread0"         daemon [_thread_blocked, id=2376, stack(0x000000bf13a00000,0x000000bf13b00000) (1024K)]
  0x0000022674164fe0 JavaThread "Common-Cleaner"             daemon [_thread_blocked, id=1360, stack(0x000000bf13b00000,0x000000bf13c00000) (1024K)]
  0x0000022674247550 JavaThread "Notification Thread"        daemon [_thread_blocked, id=6756, stack(0x000000bf13c00000,0x000000bf13d00000) (1024K)]
  0x00000226747a4420 JavaThread "Active Thread: Equinox Container: c03a6409-4b8f-4f83-a721-59c955073603"        [_thread_blocked, id=9444, stack(0x000000bf14000000,0x000000bf14100000) (1024K)]
  0x000002267472f4e0 JavaThread "Refresh Thread: Equinox Container: c03a6409-4b8f-4f83-a721-59c955073603" daemon [_thread_blocked, id=18664, stack(0x000000bf14100000,0x000000bf14200000) (1024K)]
  0x0000022674637690 JavaThread "Framework Event Dispatcher: Equinox Container: c03a6409-4b8f-4f83-a721-59c955073603" daemon [_thread_blocked, id=16476, stack(0x000000bf14200000,0x000000bf14300000) (1024K)]
  0x0000022674478c30 JavaThread "Start Level: Equinox Container: c03a6409-4b8f-4f83-a721-59c955073603" daemon [_thread_blocked, id=4404, stack(0x000000bf14300000,0x000000bf14400000) (1024K)]
  0x0000022674ee9b30 JavaThread "Bundle File Closer"         daemon [_thread_blocked, id=11060, stack(0x000000bf14400000,0x000000bf14500000) (1024K)]
  0x0000022674aca4b0 JavaThread "SCR Component Actor"        daemon [_thread_blocked, id=13544, stack(0x000000bf14500000,0x000000bf14600000) (1024K)]
  0x00000226740777d0 JavaThread "Worker-JM"                         [_thread_blocked, id=19372, stack(0x000000bf14600000,0x000000bf14700000) (1024K)]
  0x00000226742cdff0 JavaThread "JNA Cleaner"                daemon [_thread_blocked, id=14668, stack(0x000000bf14700000,0x000000bf14800000) (1024K)]
  0x00000226742cd2d0 JavaThread "Worker-0"                          [_thread_blocked, id=18020, stack(0x000000bf14800000,0x000000bf14900000) (1024K)]
  0x00000226742ce680 JavaThread "Java indexing"              daemon [_thread_blocked, id=14904, stack(0x000000bf14c00000,0x000000bf14d00000) (1024K)]
  0x00000226742ced10 JavaThread "Worker-4"                          [_thread_blocked, id=10984, stack(0x000000bf14e00000,0x000000bf14f00000) (1024K)]
  0x00000226742cb890 JavaThread "Worker-5: Check JDK Index"         [_thread_blocked, id=13780, stack(0x000000bf14f00000,0x000000bf15000000) (1024K)]
  0x00000226742cbf20 JavaThread "pool-2-thread-1"                   [_thread_blocked, id=10524, stack(0x000000bf15000000,0x000000bf15100000) (1024K)]
  0x0000022677e8a380 JavaThread "WorkspaceEventsHandler"            [_thread_blocked, id=16060, stack(0x000000bf15100000,0x000000bf15200000) (1024K)]
  0x0000022677e85b50 JavaThread "pool-1-thread-1"                   [_thread_blocked, id=12596, stack(0x000000bf15200000,0x000000bf15300000) (1024K)]
  0x0000022677e88fd0 JavaThread "Worker-6"                          [_thread_blocked, id=16308, stack(0x000000bf15300000,0x000000bf15400000) (1024K)]
  0x0000022677e861e0 JavaThread "Worker-10: Initialize workspace"        [_thread_blocked, id=18928, stack(0x000000bf15800000,0x000000bf15900000) (1024K)]
  0x0000022677e84e30 JavaThread "Worker-11"                         [_thread_blocked, id=18796, stack(0x000000bf15600000,0x000000bf15700000) (1024K)]
  0x0000022677e89660 JavaThread "Worker-12: Initialize workspace"        [_thread_blocked, id=9784, stack(0x000000bf15a00000,0x000000bf15b00000) (1024K)]
  0x0000022677e8b730 JavaThread "Worker-13"                         [_thread_blocked, id=8660, stack(0x000000bf15b00000,0x000000bf15c00000) (1024K)]
  0x0000022677e882b0 JavaThread "Worker-14"                         [_thread_blocked, id=7740, stack(0x000000bf15c00000,0x000000bf15d00000) (1024K)]
  0x0000022677e8aa10 JavaThread "Worker-17"                         [_thread_blocked, id=8780, stack(0x000000bf12e00000,0x000000bf12f00000) (1024K)]
  0x0000022677e87590 JavaThread "Worker-21: Check JDK Index"        [_thread_blocked, id=4796, stack(0x000000bf16100000,0x000000bf16200000) (1024K)]
  0x0000022677e847a0 JavaThread "Worker-22"                         [_thread_blocked, id=12772, stack(0x000000bf16200000,0x000000bf16300000) (1024K)]
  0x0000022676c781c0 JavaThread "Worker-24"                         [_thread_blocked, id=18124, stack(0x000000bf16400000,0x000000bf16500000) (1024K)]
  0x0000022676c75a60 JavaThread "Worker-27"                         [_thread_blocked, id=2040, stack(0x000000bf16600000,0x000000bf16700000) (1024K)]
  0x0000022676c77b30 JavaThread "Worker-31"                         [_thread_blocked, id=17476, stack(0x000000bf16b00000,0x000000bf16c00000) (1024K)]
  0x00000226780d3a00 JavaThread "Worker-34"                         [_thread_blocked, id=4732, stack(0x000000bf16e00000,0x000000bf16f00000) (1024K)]
  0x00000226780d4090 JavaThread "Worker-35: Initialize workspace"        [_thread_blocked, id=10048, stack(0x000000bf16f00000,0x000000bf17000000) (1024K)]
  0x00000226780d4720 JavaThread "Worker-36"                         [_thread_blocked, id=9508, stack(0x000000bf17000000,0x000000bf17100000) (1024K)]
  0x00000226780d1fc0 JavaThread "Worker-38"                         [_thread_blocked, id=10208, stack(0x000000bf17200000,0x000000bf17300000) (1024K)]
  0x00000226766ad4c0 JavaThread "Worker-40"                         [_thread_blocked, id=5724, stack(0x000000bf17400000,0x000000bf17500000) (1024K)]
  0x00000226766ace30 JavaThread "Worker-41"                         [_thread_blocked, id=8064, stack(0x000000bf17600000,0x000000bf17700000) (1024K)]
  0x00000226766aba80 JavaThread "Worker-43"                         [_thread_blocked, id=12024, stack(0x000000bf17700000,0x000000bf17800000) (1024K)]
  0x00000226766aad60 JavaThread "Worker-48"                         [_thread_blocked, id=2120, stack(0x000000bf17c00000,0x000000bf17d00000) (1024K)]
  0x00000226765882f0 JavaThread "Worker-83"                         [_thread_blocked, id=18212, stack(0x000000bf18100000,0x000000bf18200000) (1024K)]
  0x0000022676c736f0 JavaThread "Worker-123"                        [_thread_blocked, id=16724, stack(0x000000bf18800000,0x000000bf18900000) (1024K)]
  0x0000022676589010 JavaThread "Worker-161"                        [_thread_blocked, id=18216, stack(0x000000bf18700000,0x000000bf18800000) (1024K)]
  0x0000022676c70f90 JavaThread "Worker-163"                        [_thread_blocked, id=14760, stack(0x000000bf18a00000,0x000000bf18b00000) (1024K)]
  0x0000022676589d30 JavaThread "Worker-179"                        [_thread_blocked, id=17936, stack(0x000000bf17b00000,0x000000bf17c00000) (1024K)]
  0x00000226765875d0 JavaThread "Worker-192"                        [_thread_blocked, id=14384, stack(0x000000bf18500000,0x000000bf18600000) (1024K)]
  0x00000226785c4530 JavaThread "Worker-200"                        [_thread_blocked, id=7680, stack(0x000000bf18400000,0x000000bf18500000) (1024K)]
  0x00000226785c3180 JavaThread "Worker-201"                        [_thread_blocked, id=6164, stack(0x000000bf18c00000,0x000000bf18d00000) (1024K)]
  0x00000226785c5250 JavaThread "Worker-214"                        [_thread_blocked, id=13064, stack(0x000000bf18200000,0x000000bf18300000) (1024K)]
  0x00000226785c3810 JavaThread "Worker-242"                        [_thread_blocked, id=15488, stack(0x000000bf19100000,0x000000bf19200000) (1024K)]
  0x00000226785c5f70 JavaThread "Worker-257"                        [_thread_blocked, id=10856, stack(0x000000bf19200000,0x000000bf19300000) (1024K)]
  0x000002267658a3c0 JavaThread "Worker-353"                        [_thread_blocked, id=16008, stack(0x000000bf19c00000,0x000000bf19d00000) (1024K)]
  0x0000022676d9fc70 JavaThread "Worker-372"                        [_thread_blocked, id=13524, stack(0x000000bf1a500000,0x000000bf1a600000) (1024K)]
  0x0000022676d9d510 JavaThread "Worker-375"                        [_thread_blocked, id=14632, stack(0x000000bf19500000,0x000000bf19600000) (1024K)]
  0x000002267790b010 JavaThread "Worker-506"                        [_thread_blocked, id=5880, stack(0x000000bf1b000000,0x000000bf1b100000) (1024K)]
  0x00000226752c6070 JavaThread "Worker-528"                        [_thread_blocked, id=13864, stack(0x000000bf1b500000,0x000000bf1b600000) (1024K)]
  0x00000226752c7ab0 JavaThread "Worker-530"                        [_thread_blocked, id=8352, stack(0x000000bf1b800000,0x000000bf1b900000) (1024K)]
  0x00000226752c9b80 JavaThread "Worker-558"                        [_thread_blocked, id=16652, stack(0x000000bf1ac00000,0x000000bf1ad00000) (1024K)]
  0x00000226752cc2e0 JavaThread "Worker-572"                        [_thread_blocked, id=15208, stack(0x000000bf1b300000,0x000000bf1b400000) (1024K)]
  0x00000226752c87d0 JavaThread "Worker-579"                        [_thread_blocked, id=19416, stack(0x000000bf1b400000,0x000000bf1b500000) (1024K)]
  0x00000226752cd690 JavaThread "Worker-587"                        [_thread_blocked, id=17384, stack(0x000000bf1ba00000,0x000000bf1bb00000) (1024K)]
  0x00000226752ca8a0 JavaThread "Worker-596"                        [_thread_blocked, id=16572, stack(0x000000bf1b900000,0x000000bf1ba00000) (1024K)]
  0x00000226752caf30 JavaThread "Worker-597"                        [_thread_blocked, id=14316, stack(0x000000bf1bb00000,0x000000bf1bc00000) (1024K)]
  0x00000226752cb5c0 JavaThread "Worker-599"                        [_thread_blocked, id=3964, stack(0x000000bf1bd00000,0x000000bf1be00000) (1024K)]
  0x00000226752cbc50 JavaThread "Worker-602"                        [_thread_blocked, id=13120, stack(0x000000bf1a800000,0x000000bf1a900000) (1024K)]
  0x0000022676d9adb0 JavaThread "Worker-613"                        [_thread_blocked, id=8768, stack(0x000000bf1bf00000,0x000000bf1c000000) (1024K)]
  0x0000022676d9b440 JavaThread "Worker-615"                        [_thread_blocked, id=13768, stack(0x000000bf1c000000,0x000000bf1c100000) (1024K)]
  0x00000226752c6700 JavaThread "PatternSearchJob-worker-1"  daemon [_thread_blocked, id=15692, stack(0x000000bf1bc00000,0x000000bf1bd00000) (1024K)]
  0x0000022676da0300 JavaThread "PatternSearchJob-worker-2"  daemon [_thread_blocked, id=12340, stack(0x000000bf1c100000,0x000000bf1c200000) (1024K)]
  0x0000022676da0990 JavaThread "PatternSearchJob-worker-3"  daemon [_thread_blocked, id=18476, stack(0x000000bf1c200000,0x000000bf1c300000) (1024K)]
  0x0000022676d9e8c0 JavaThread "Compiler Source File Reader" daemon [_thread_blocked, id=5552, stack(0x000000bf12d00000,0x000000bf12e00000) (1024K)]
  0x0000022676d9c7f0 JavaThread "Compiler Processing Task"   daemon [_thread_blocked, id=13876, stack(0x000000bf14900000,0x000000bf14a00000) (1024K)]
Total: 78

Other Threads:
  0x00000226179b12e0 VMThread "VM Thread"                           [id=3584, stack(0x000000bf13200000,0x000000bf13300000) (1024K)]
  0x000002261795c3e0 WatcherThread "VM Periodic Task Thread"        [id=13468, stack(0x000000bf13100000,0x000000bf13200000) (1024K)]
  0x000002261790f360 WorkerThread "GC Thread#0"                     [id=10548, stack(0x000000bf13000000,0x000000bf13100000) (1024K)]
  0x0000022674392840 WorkerThread "GC Thread#1"                     [id=11492, stack(0x000000bf13d00000,0x000000bf13e00000) (1024K)]
  0x0000022674392bf0 WorkerThread "GC Thread#2"                     [id=15764, stack(0x000000bf13e00000,0x000000bf13f00000) (1024K)]
  0x0000022674848800 WorkerThread "GC Thread#3"                     [id=15320, stack(0x000000bf13f00000,0x000000bf14000000) (1024K)]
Total: 6

Threads with active compile tasks:
C2 CompilerThread0  144360 13429  s!   4       org.eclipse.osgi.internal.log.EquinoxLogWriter::log (146 bytes)
Total: 1

VM state: at safepoint (normal execution)

VM Mutex/Monitor currently owned by a thread:  ([mutex/lock_event])
[0x00007ffc1c7df5b0] Threads_lock - owner thread: 0x00000226179b12e0
[0x00007ffc1c7df6b0] Heap_lock - owner thread: 0x0000022676da0300

Heap address: 0x0000000080000000, size: 2048 MB, Compressed Oops mode: 32-bit

CDS archive(s) mapped at: [0x000002262f000000-0x000002262fba0000-0x000002262fba0000), size 12189696, SharedBaseAddress: 0x000002262f000000, ArchiveRelocationMode: 1.
Compressed class space mapped at: 0x0000022630000000-0x0000022670000000, reserved size: 1073741824
Narrow klass base: 0x000002262f000000, Narrow klass shift: 0, Narrow klass range: 0x100000000

GC Precious Log:
 CardTable entry size: 512
 CPUs: 4 total, 4 available
 Memory: 3976M
 Large Page Support: Disabled
 NUMA Support: Disabled
 Compressed Oops: Enabled (32-bit)
 Alignments: Space 512K, Generation 512K, Heap 2M
 Heap Min Capacity: 100M
 Heap Initial Capacity: 100M
 Heap Max Capacity: 2G
 Pre-touch: Disabled
 Parallel Workers: 4

Heap:
 PSYoungGen      total 5120K, used 5120K [0x00000000d5580000, 0x00000000d5c00000, 0x0000000100000000)
  eden space 3584K, 100% used [0x00000000d5580000,0x00000000d5900000,0x00000000d5900000)
  from space 1536K, 100% used [0x00000000d5900000,0x00000000d5a80000,0x00000000d5a80000)
  to   space 512K, 95% used [0x00000000d5b00000,0x00000000d5b7aca0,0x00000000d5b80000)
 ParOldGen       total 1135104K, used 1134673K [0x0000000080000000, 0x00000000c5480000, 0x00000000d5580000)
  object space 1135104K, 99% used [0x0000000080000000,0x00000000c5414668,0x00000000c5480000)
 Metaspace       used 61639K, committed 63296K, reserved 1114112K
  class space    used 6304K, committed 7104K, reserved 1048576K

Card table byte_map: [0x00000226172b0000,0x00000226176c0000] _byte_map_base: 0x0000022616eb0000

Marking Bits: (ParMarkBitMap*) 0x00007ffc1c7e44a0
 Begin Bits: [0x0000022629db0000, 0x000002262bdb0000)
 End Bits:   [0x000002262bdb0000, 0x000002262ddb0000)

Polling page: 0x0000022615700000

Metaspace:

Usage:
  Non-class:     54.04 MB used.
      Class:      6.16 MB used.
       Both:     60.19 MB used.

Virtual space:
  Non-class space:       64.00 MB reserved,      54.88 MB ( 86%) committed,  1 nodes.
      Class space:        1.00 GB reserved,       6.94 MB ( <1%) committed,  1 nodes.
             Both:        1.06 GB reserved,      61.81 MB (  6%) committed. 

Chunk freelists:
   Non-Class:  8.23 MB
       Class:  9.06 MB
        Both:  17.29 MB

MaxMetaspaceSize: unlimited
CompressedClassSpaceSize: 1.00 GB
Initial GC threshold: 21.00 MB
Current GC threshold: 98.12 MB
CDS: on
 - commit_granule_bytes: 65536.
 - commit_granule_words: 8192.
 - virtual_space_node_default_size: 8388608.
 - enlarge_chunks_in_place: 1.
 - use_allocation_guard: 0.


Internal statistics:

num_allocs_failed_limit: 13.
num_arena_births: 1712.
num_arena_deaths: 16.
num_vsnodes_births: 2.
num_vsnodes_deaths: 0.
num_space_committed: 989.
num_space_uncommitted: 0.
num_chunks_returned_to_freelist: 29.
num_chunks_taken_from_freelist: 4940.
num_chunk_merges: 19.
num_chunk_splits: 2880.
num_chunks_enlarged: 1324.
num_inconsistent_stats: 0.

CodeHeap 'non-profiled nmethods': size=120000Kb used=11896Kb max_used=11896Kb free=108103Kb
 bounds [0x00000226225d0000, 0x0000022623170000, 0x0000022629b00000]
CodeHeap 'profiled nmethods': size=120000Kb used=30295Kb max_used=30295Kb free=89704Kb
 bounds [0x000002261ab00000, 0x000002261c8a0000, 0x0000022622030000]
CodeHeap 'non-nmethods': size=5760Kb used=1415Kb max_used=1472Kb free=4344Kb
 bounds [0x0000022622030000, 0x00000226222a0000, 0x00000226225d0000]
CodeCache: size=245760Kb, used=43606Kb, max_used=43663Kb, free=202151Kb
 total_blobs=13502, nmethods=12770, adapters=638, full_count=0
Compilation: enabled, stopped_count=0, restarted_count=0

Compilation events (20 events):
Event: 144.121 Thread 0x000002262e3597e0 13519       3       org.eclipse.jdt.ls.core.internal.preferences.Preferences::updateAnnotationNullAnalysisOptions (153 bytes)
Event: 144.124 Thread 0x000002262e3597e0 nmethod 13519 0x000002261c886790 code [0x000002261c886b40, 0x000002261c888500]
Event: 144.124 Thread 0x000002262e3597e0 13518   !   3       org.eclipse.jdt.ls.core.internal.managers.ScalaGradleSupport::cleanScalaProjects (506 bytes)
Event: 144.130 Thread 0x000002262e3597e0 nmethod 13518 0x000002261c888d90 code [0x000002261c889480, 0x000002261c88d0a8]
Event: 144.166 Thread 0x000002262e3597e0 13521       3       org.eclipse.jdt.ls.core.internal.ResourceUtils::toGlobPattern (43 bytes)
Event: 144.168 Thread 0x000002262e3597e0 nmethod 13521 0x000002261c88f210 code [0x000002261c88f460, 0x000002261c88fc20]
Event: 144.178 Thread 0x000002262e3597e0 13522       3       org.eclipse.jdt.core.search.SearchPattern::validateMatchRule (143 bytes)
Event: 144.179 Thread 0x000002262e3597e0 nmethod 13522 0x000002261c88ff90 code [0x000002261c8901a0, 0x000002261c890730]
Event: 144.179 Thread 0x000002262e3597e0 13523       3       org.eclipse.jdt.internal.core.search.matching.TypeDeclarationPattern::<init> (13 bytes)
Event: 144.179 Thread 0x000002262e3597e0 nmethod 13523 0x000002261c890910 code [0x000002261c890ac0, 0x000002261c890c28]
Event: 144.179 Thread 0x000002262e3597e0 13524       3       org.eclipse.jdt.internal.core.search.matching.TypeDeclarationPattern::addModuleNames (137 bytes)
Event: 144.181 Thread 0x000002262e3597e0 nmethod 13524 0x000002261c890d10 code [0x000002261c891000, 0x000002261c8920d8]
Event: 144.181 Thread 0x000002262e3597e0 13525   !   3       org.eclipse.jdt.internal.core.search.BasicSearchEngine::getWorkingCopies (315 bytes)
Event: 144.183 Thread 0x000002262e3597e0 nmethod 13525 0x000002261c892690 code [0x000002261c892a00, 0x000002261c894528]
Event: 144.183 Thread 0x000002262e3597e0 13526       3       org.eclipse.jdt.internal.core.search.PatternSearchJob::<init> (50 bytes)
Event: 144.183 Thread 0x000002262e3597e0 nmethod 13526 0x000002261c894d90 code [0x000002261c894f40, 0x000002261c8952c0]
Event: 144.184 Thread 0x000002262e3597e0 13527       3       org.eclipse.jdt.internal.core.search.PatternSearchJob::ensureReadyToRun (14 bytes)
Event: 144.184 Thread 0x000002262e3597e0 nmethod 13527 0x000002261c895490 code [0x000002261c895640, 0x000002261c8957c0]
Event: 144.188 Thread 0x000002262e3597e0 13528       3       java.lang.StringConcatHelper::prepend (22 bytes)
Event: 144.188 Thread 0x000002262e3597e0 nmethod 13528 0x000002261c895890 code [0x000002261c895a40, 0x000002261c895bd8]

GC Heap History (20 events):
Event: 143.718 GC heap before
{Heap before GC invocations=1839 (full 3):
 PSYoungGen      total 3072K, used 2752K [0x00000000d5580000, 0x00000000d5c00000, 0x0000000100000000)
  eden space 2048K, 100% used [0x00000000d5580000,0x00000000d5780000,0x00000000d5780000)
  from space 1024K, 68% used [0x00000000d5780000,0x00000000d5830000,0x00000000d5880000)
  to   space 2048K, 0% used [0x00000000d5a00000,0x00000000d5a00000,0x00000000d5c00000)
 ParOldGen       total 1125376K, used 1125157K [0x0000000080000000, 0x00000000c4b00000, 0x00000000d5580000)
  object space 1125376K, 99% used [0x0000000080000000,0x00000000c4ac9758,0x00000000c4b00000)
 Metaspace       used 61320K, committed 62976K, reserved 1114112K
  class space    used 6303K, committed 7104K, reserved 1048576K
}
Event: 143.723 GC heap after
{Heap after GC invocations=1839 (full 3):
 PSYoungGen      total 3584K, used 822K [0x00000000d5580000, 0x00000000d5b00000, 0x0000000100000000)
  eden space 2560K, 0% used [0x00000000d5580000,0x00000000d5580000,0x00000000d5800000)
  from space 1024K, 80% used [0x00000000d5a00000,0x00000000d5acd940,0x00000000d5b00000)
  to   space 1024K, 0% used [0x00000000d5900000,0x00000000d5900000,0x00000000d5a00000)
 ParOldGen       total 1125888K, used 1125821K [0x0000000080000000, 0x00000000c4b80000, 0x00000000d5580000)
  object space 1125888K, 99% used [0x0000000080000000,0x00000000c4b6f768,0x00000000c4b80000)
 Metaspace       used 61320K, committed 62976K, reserved 1114112K
  class space    used 6303K, committed 7104K, reserved 1048576K
}
Event: 143.730 GC heap before
{Heap before GC invocations=1840 (full 3):
 PSYoungGen      total 3584K, used 3382K [0x00000000d5580000, 0x00000000d5b00000, 0x0000000100000000)
  eden space 2560K, 100% used [0x00000000d5580000,0x00000000d5800000,0x00000000d5800000)
  from space 1024K, 80% used [0x00000000d5a00000,0x00000000d5acd940,0x00000000d5b00000)
  to   space 1024K, 0% used [0x00000000d5900000,0x00000000d5900000,0x00000000d5a00000)
 ParOldGen       total 1125888K, used 1125821K [0x0000000080000000, 0x00000000c4b80000, 0x00000000d5580000)
  object space 1125888K, 99% used [0x0000000080000000,0x00000000c4b6f768,0x00000000c4b80000)
 Metaspace       used 61320K, committed 62976K, reserved 1114112K
  class space    used 6303K, committed 7104K, reserved 1048576K
}
Event: 143.735 GC heap after
{Heap after GC invocations=1840 (full 3):
 PSYoungGen      total 4096K, used 1024K [0x00000000d5580000, 0x00000000d5d80000, 0x0000000100000000)
  eden space 3072K, 0% used [0x00000000d5580000,0x00000000d5580000,0x00000000d5880000)
  from space 1024K, 100% used [0x00000000d5900000,0x00000000d5a00000,0x00000000d5a00000)
  to   space 2560K, 0% used [0x00000000d5b00000,0x00000000d5b00000,0x00000000d5d80000)
 ParOldGen       total 1127424K, used 1126924K [0x0000000080000000, 0x00000000c4d00000, 0x00000000d5580000)
  object space 1127424K, 99% used [0x0000000080000000,0x00000000c4c830a8,0x00000000c4d00000)
 Metaspace       used 61320K, committed 62976K, reserved 1114112K
  class space    used 6303K, committed 7104K, reserved 1048576K
}
Event: 143.759 GC heap before
{Heap before GC invocations=1841 (full 3):
 PSYoungGen      total 4096K, used 4096K [0x00000000d5580000, 0x00000000d5d80000, 0x0000000100000000)
  eden space 3072K, 100% used [0x00000000d5580000,0x00000000d5880000,0x00000000d5880000)
  from space 1024K, 100% used [0x00000000d5900000,0x00000000d5a00000,0x00000000d5a00000)
  to   space 2560K, 0% used [0x00000000d5b00000,0x00000000d5b00000,0x00000000d5d80000)
 ParOldGen       total 1127424K, used 1126924K [0x0000000080000000, 0x00000000c4d00000, 0x00000000d5580000)
  object space 1127424K, 99% used [0x0000000080000000,0x00000000c4c830a8,0x00000000c4d00000)
 Metaspace       used 61320K, committed 62976K, reserved 1114112K
  class space    used 6303K, committed 7104K, reserved 1048576K
}
Event: 143.770 GC heap after
{Heap after GC invocations=1841 (full 3):
 PSYoungGen      total 6144K, used 1760K [0x00000000d5580000, 0x00000000d5d80000, 0x0000000100000000)
  eden space 3584K, 0% used [0x00000000d5580000,0x00000000d5580000,0x00000000d5900000)
  from space 2560K, 68% used [0x00000000d5b00000,0x00000000d5cb8000,0x00000000d5d80000)
  to   space 2048K, 0% used [0x00000000d5900000,0x00000000d5900000,0x00000000d5b00000)
 ParOldGen       total 1128448K, used 1127977K [0x0000000080000000, 0x00000000c4e00000, 0x00000000d5580000)
  object space 1128448K, 99% used [0x0000000080000000,0x00000000c4d8a528,0x00000000c4e00000)
 Metaspace       used 61320K, committed 62976K, reserved 1114112K
  class space    used 6303K, committed 7104K, reserved 1048576K
}
Event: 143.839 GC heap before
{Heap before GC invocations=1842 (full 3):
 PSYoungGen      total 6144K, used 5342K [0x00000000d5580000, 0x00000000d5d80000, 0x0000000100000000)
  eden space 3584K, 99% used [0x00000000d5580000,0x00000000d58ff970,0x00000000d5900000)
  from space 2560K, 68% used [0x00000000d5b00000,0x00000000d5cb8000,0x00000000d5d80000)
  to   space 2048K, 0% used [0x00000000d5900000,0x00000000d5900000,0x00000000d5b00000)
 ParOldGen       total 1128448K, used 1127977K [0x0000000080000000, 0x00000000c4e00000, 0x00000000d5580000)
  object space 1128448K, 99% used [0x0000000080000000,0x00000000c4d8a528,0x00000000c4e00000)
 Metaspace       used 61320K, committed 62976K, reserved 1114112K
  class space    used 6303K, committed 7104K, reserved 1048576K
}
Event: 143.853 GC heap after
{Heap after GC invocations=1842 (full 3):
 PSYoungGen      total 5632K, used 244K [0x00000000d5580000, 0x00000000d5c00000, 0x0000000100000000)
  eden space 3584K, 0% used [0x00000000d5580000,0x00000000d5580000,0x00000000d5900000)
  from space 2048K, 11% used [0x00000000d5900000,0x00000000d593d3f8,0x00000000d5b00000)
  to   space 1024K, 0% used [0x00000000d5b00000,0x00000000d5b00000,0x00000000d5c00000)
 ParOldGen       total 1129984K, used 1129681K [0x0000000080000000, 0x00000000c4f80000, 0x00000000d5580000)
  object space 1129984K, 99% used [0x0000000080000000,0x00000000c4f34528,0x00000000c4f80000)
 Metaspace       used 61320K, committed 62976K, reserved 1114112K
  class space    used 6303K, committed 7104K, reserved 1048576K
}
Event: 143.865 GC heap before
{Heap before GC invocations=1843 (full 3):
 PSYoungGen      total 5632K, used 3828K [0x00000000d5580000, 0x00000000d5c00000, 0x0000000100000000)
  eden space 3584K, 100% used [0x00000000d5580000,0x00000000d5900000,0x00000000d5900000)
  from space 2048K, 11% used [0x00000000d5900000,0x00000000d593d3f8,0x00000000d5b00000)
  to   space 1024K, 0% used [0x00000000d5b00000,0x00000000d5b00000,0x00000000d5c00000)
 ParOldGen       total 1129984K, used 1129681K [0x0000000080000000, 0x00000000c4f80000, 0x00000000d5580000)
  object space 1129984K, 99% used [0x0000000080000000,0x00000000c4f34528,0x00000000c4f80000)
 Metaspace       used 61320K, committed 62976K, reserved 1114112K
  class space    used 6303K, committed 7104K, reserved 1048576K
}
Event: 143.869 GC heap after
{Heap after GC invocations=1843 (full 3):
 PSYoungGen      total 4608K, used 1014K [0x00000000d5580000, 0x00000000d5e00000, 0x0000000100000000)
  eden space 3584K, 0% used [0x00000000d5580000,0x00000000d5580000,0x00000000d5900000)
  from space 1024K, 99% used [0x00000000d5b00000,0x00000000d5bfd940,0x00000000d5c00000)
  to   space 2048K, 0% used [0x00000000d5900000,0x00000000d5900000,0x00000000d5b00000)
 ParOldGen       total 1130496K, used 1130281K [0x0000000080000000, 0x00000000c5000000, 0x00000000d5580000)
  object space 1130496K, 99% used [0x0000000080000000,0x00000000c4fca528,0x00000000c5000000)
 Metaspace       used 61320K, committed 62976K, reserved 1114112K
  class space    used 6303K, committed 7104K, reserved 1048576K
}
Event: 143.911 GC heap before
{Heap before GC invocations=1844 (full 3):
 PSYoungGen      total 4608K, used 4598K [0x00000000d5580000, 0x00000000d5e00000, 0x0000000100000000)
  eden space 3584K, 100% used [0x00000000d5580000,0x00000000d5900000,0x00000000d5900000)
  from space 1024K, 99% used [0x00000000d5b00000,0x00000000d5bfd940,0x00000000d5c00000)
  to   space 2048K, 0% used [0x00000000d5900000,0x00000000d5900000,0x00000000d5b00000)
 ParOldGen       total 1130496K, used 1130281K [0x0000000080000000, 0x00000000c5000000, 0x00000000d5580000)
  object space 1130496K, 99% used [0x0000000080000000,0x00000000c4fca528,0x00000000c5000000)
 Metaspace       used 61333K, committed 62976K, reserved 1114112K
  class space    used 6303K, committed 7104K, reserved 1048576K
}
Event: 143.917 GC heap after
{Heap after GC invocations=1844 (full 3):
 PSYoungGen      total 5632K, used 160K [0x00000000d5580000, 0x00000000d5c00000, 0x0000000100000000)
  eden space 3584K, 0% used [0x00000000d5580000,0x00000000d5580000,0x00000000d5900000)
  from space 2048K, 7% used [0x00000000d5900000,0x00000000d5928000,0x00000000d5b00000)
  to   space 1024K, 0% used [0x00000000d5b00000,0x00000000d5b00000,0x00000000d5c00000)
 ParOldGen       total 1130496K, used 1130297K [0x0000000080000000, 0x00000000c5000000, 0x00000000d5580000)
  object space 1130496K, 99% used [0x0000000080000000,0x00000000c4fce528,0x00000000c5000000)
 Metaspace       used 61333K, committed 62976K, reserved 1114112K
  class space    used 6303K, committed 7104K, reserved 1048576K
}
Event: 143.969 GC heap before
{Heap before GC invocations=1845 (full 3):
 PSYoungGen      total 5632K, used 3743K [0x00000000d5580000, 0x00000000d5c00000, 0x0000000100000000)
  eden space 3584K, 99% used [0x00000000d5580000,0x00000000d58ffff0,0x00000000d5900000)
  from space 2048K, 7% used [0x00000000d5900000,0x00000000d5928000,0x00000000d5b00000)
  to   space 1024K, 0% used [0x00000000d5b00000,0x00000000d5b00000,0x00000000d5c00000)
 ParOldGen       total 1130496K, used 1130297K [0x0000000080000000, 0x00000000c5000000, 0x00000000d5580000)
  object space 1130496K, 99% used [0x0000000080000000,0x00000000c4fce528,0x00000000c5000000)
 Metaspace       used 61350K, committed 62976K, reserved 1114112K
  class space    used 6303K, committed 7104K, reserved 1048576K
}
Event: 143.974 GC heap after
{Heap after GC invocations=1845 (full 3):
 PSYoungGen      total 4096K, used 128K [0x00000000d5580000, 0x00000000d5b80000, 0x0000000100000000)
  eden space 3584K, 0% used [0x00000000d5580000,0x00000000d5580000,0x00000000d5900000)
  from space 512K, 25% used [0x00000000d5b00000,0x00000000d5b20000,0x00000000d5b80000)
  to   space 512K, 0% used [0x00000000d5a80000,0x00000000d5a80000,0x00000000d5b00000)
 ParOldGen       total 1130496K, used 1130377K [0x0000000080000000, 0x00000000c5000000, 0x00000000d5580000)
  object space 1130496K, 99% used [0x0000000080000000,0x00000000c4fe2528,0x00000000c5000000)
 Metaspace       used 61350K, committed 62976K, reserved 1114112K
  class space    used 6303K, committed 7104K, reserved 1048576K
}
Event: 144.028 GC heap before
{Heap before GC invocations=1846 (full 3):
 PSYoungGen      total 4096K, used 3712K [0x00000000d5580000, 0x00000000d5b80000, 0x0000000100000000)
  eden space 3584K, 100% used [0x00000000d5580000,0x00000000d5900000,0x00000000d5900000)
  from space 512K, 25% used [0x00000000d5b00000,0x00000000d5b20000,0x00000000d5b80000)
  to   space 512K, 0% used [0x00000000d5a80000,0x00000000d5a80000,0x00000000d5b00000)
 ParOldGen       total 1130496K, used 1130377K [0x0000000080000000, 0x00000000c5000000, 0x00000000d5580000)
  object space 1130496K, 99% used [0x0000000080000000,0x00000000c4fe2528,0x00000000c5000000)
 Metaspace       used 61446K, committed 63104K, reserved 1114112K
  class space    used 6304K, committed 7104K, reserved 1048576K
}
Event: 144.034 GC heap after
{Heap after GC invocations=1846 (full 3):
 PSYoungGen      total 4096K, used 160K [0x00000000d5580000, 0x00000000d5b80000, 0x0000000100000000)
  eden space 3584K, 0% used [0x00000000d5580000,0x00000000d5580000,0x00000000d5900000)
  from space 512K, 31% used [0x00000000d5a80000,0x00000000d5aa8000,0x00000000d5b00000)
  to   space 512K, 0% used [0x00000000d5b00000,0x00000000d5b00000,0x00000000d5b80000)
 ParOldGen       total 1130496K, used 1130417K [0x0000000080000000, 0x00000000c5000000, 0x00000000d5580000)
  object space 1130496K, 99% used [0x0000000080000000,0x00000000c4fec528,0x00000000c5000000)
 Metaspace       used 61446K, committed 63104K, reserved 1114112K
  class space    used 6304K, committed 7104K, reserved 1048576K
}
Event: 144.107 GC heap before
{Heap before GC invocations=1847 (full 3):
 PSYoungGen      total 4096K, used 3744K [0x00000000d5580000, 0x00000000d5b80000, 0x0000000100000000)
  eden space 3584K, 100% used [0x00000000d5580000,0x00000000d5900000,0x00000000d5900000)
  from space 512K, 31% used [0x00000000d5a80000,0x00000000d5aa8000,0x00000000d5b00000)
  to   space 512K, 0% used [0x00000000d5b00000,0x00000000d5b00000,0x00000000d5b80000)
 ParOldGen       total 1130496K, used 1130417K [0x0000000080000000, 0x00000000c5000000, 0x00000000d5580000)
  object space 1130496K, 99% used [0x0000000080000000,0x00000000c4fec528,0x00000000c5000000)
 Metaspace       used 61625K, committed 63232K, reserved 1114112K
  class space    used 6304K, committed 7104K, reserved 1048576K
}
Event: 144.114 GC heap after
{Heap after GC invocations=1847 (full 3):
 PSYoungGen      total 4096K, used 491K [0x00000000d5580000, 0x00000000d5c00000, 0x0000000100000000)
  eden space 3584K, 0% used [0x00000000d5580000,0x00000000d5580000,0x00000000d5900000)
  from space 512K, 95% used [0x00000000d5b00000,0x00000000d5b7aca0,0x00000000d5b80000)
  to   space 1536K, 0% used [0x00000000d5900000,0x00000000d5900000,0x00000000d5a80000)
 ParOldGen       total 1131008K, used 1130844K [0x0000000080000000, 0x00000000c5080000, 0x00000000d5580000)
  object space 1131008K, 99% used [0x0000000080000000,0x00000000c50571c8,0x00000000c5080000)
 Metaspace       used 61625K, committed 63232K, reserved 1114112K
  class space    used 6304K, committed 7104K, reserved 1048576K
}
Event: 144.140 GC heap before
{Heap before GC invocations=1848 (full 3):
 PSYoungGen      total 4096K, used 4075K [0x00000000d5580000, 0x00000000d5c00000, 0x0000000100000000)
  eden space 3584K, 100% used [0x00000000d5580000,0x00000000d5900000,0x00000000d5900000)
  from space 512K, 95% used [0x00000000d5b00000,0x00000000d5b7aca0,0x00000000d5b80000)
  to   space 1536K, 0% used [0x00000000d5900000,0x00000000d5900000,0x00000000d5a80000)
 ParOldGen       total 1131008K, used 1130844K [0x0000000080000000, 0x00000000c5080000, 0x00000000d5580000)
  object space 1131008K, 99% used [0x0000000080000000,0x00000000c50571c8,0x00000000c5080000)
 Metaspace       used 61635K, committed 63296K, reserved 1114112K
  class space    used 6304K, committed 7104K, reserved 1048576K
}
Event: 144.151 GC heap after
{Heap after GC invocations=1848 (full 3):
 PSYoungGen      total 5120K, used 1536K [0x00000000d5580000, 0x00000000d5c00000, 0x0000000100000000)
  eden space 3584K, 0% used [0x00000000d5580000,0x00000000d5580000,0x00000000d5900000)
  from space 1536K, 100% used [0x00000000d5900000,0x00000000d5a80000,0x00000000d5a80000)
  to   space 512K, 0% used [0x00000000d5b00000,0x00000000d5b00000,0x00000000d5b80000)
 ParOldGen       total 1133568K, used 1133157K [0x0000000080000000, 0x00000000c5300000, 0x00000000d5580000)
  object space 1133568K, 99% used [0x0000000080000000,0x00000000c5299578,0x00000000c5300000)
 Metaspace       used 61635K, committed 63296K, reserved 1114112K
  class space    used 6304K, committed 7104K, reserved 1048576K
}

Dll operation events (20 events):
Event: 0.023 Attempting to load shared library c:\Users\ONCALL\.vscode\extensions\redhat.java-1.56.0-win32-x64\jre\21.0.12.1-win32-x86_64\bin\java.dll
Event: 0.023 Loaded shared library c:\Users\ONCALL\.vscode\extensions\redhat.java-1.56.0-win32-x64\jre\21.0.12.1-win32-x86_64\bin\java.dll
Event: 0.784 Attempting to load shared library c:\Users\ONCALL\.vscode\extensions\redhat.java-1.56.0-win32-x64\jre\21.0.12.1-win32-x86_64\bin\zip.dll
Event: 0.786 Loaded shared library c:\Users\ONCALL\.vscode\extensions\redhat.java-1.56.0-win32-x64\jre\21.0.12.1-win32-x86_64\bin\zip.dll
Event: 0.903 Attempting to load shared library C:\Users\ONCALL\.vscode\extensions\redhat.java-1.56.0-win32-x64\jre\21.0.12.1-win32-x86_64\bin\instrument.dll
Event: 0.903 Loaded shared library C:\Users\ONCALL\.vscode\extensions\redhat.java-1.56.0-win32-x64\jre\21.0.12.1-win32-x86_64\bin\instrument.dll
Event: 0.910 Attempting to load shared library C:\Users\ONCALL\.vscode\extensions\redhat.java-1.56.0-win32-x64\jre\21.0.12.1-win32-x86_64\bin\net.dll
Event: 0.912 Loaded shared library C:\Users\ONCALL\.vscode\extensions\redhat.java-1.56.0-win32-x64\jre\21.0.12.1-win32-x86_64\bin\net.dll
Event: 0.916 Attempting to load shared library C:\Users\ONCALL\.vscode\extensions\redhat.java-1.56.0-win32-x64\jre\21.0.12.1-win32-x86_64\bin\nio.dll
Event: 0.918 Loaded shared library C:\Users\ONCALL\.vscode\extensions\redhat.java-1.56.0-win32-x64\jre\21.0.12.1-win32-x86_64\bin\nio.dll
Event: 0.943 Attempting to load shared library C:\Users\ONCALL\.vscode\extensions\redhat.java-1.56.0-win32-x64\jre\21.0.12.1-win32-x86_64\bin\zip.dll
Event: 0.943 Loaded shared library C:\Users\ONCALL\.vscode\extensions\redhat.java-1.56.0-win32-x64\jre\21.0.12.1-win32-x86_64\bin\zip.dll
Event: 1.047 Attempting to load shared library C:\Users\ONCALL\.vscode\extensions\redhat.java-1.56.0-win32-x64\jre\21.0.12.1-win32-x86_64\bin\jimage.dll
Event: 1.047 Loaded shared library C:\Users\ONCALL\.vscode\extensions\redhat.java-1.56.0-win32-x64\jre\21.0.12.1-win32-x86_64\bin\jimage.dll
Event: 1.584 Attempting to load shared library c:\Users\ONCALL\.vscode\extensions\redhat.java-1.56.0-win32-x64\jre\21.0.12.1-win32-x86_64\bin\verify.dll
Event: 1.585 Loaded shared library c:\Users\ONCALL\.vscode\extensions\redhat.java-1.56.0-win32-x64\jre\21.0.12.1-win32-x86_64\bin\verify.dll
Event: 9.057 Attempting to load shared library C:\Users\ONCALL\AppData\Roaming\Code\User\globalStorage\redhat.java\1.56.0\config_win\org.eclipse.equinox.launcher\org.eclipse.equinox.launcher.win32.win32.x86_64_1.3.100.v20260804-1928\eclipse_11924.dll
Event: 9.060 Loaded shared library C:\Users\ONCALL\AppData\Roaming\Code\User\globalStorage\redhat.java\1.56.0\config_win\org.eclipse.equinox.launcher\org.eclipse.equinox.launcher.win32.win32.x86_64_1.3.100.v20260804-1928\eclipse_11924.dll
Event: 17.928 Attempting to load shared library C:\Users\ONCALL\AppData\Local\Temp\jna--1959168835\jna13455212079624391120.dll
Event: 18.229 Loaded shared library C:\Users\ONCALL\AppData\Local\Temp\jna--1959168835\jna13455212079624391120.dll

Deoptimization events (20 events):
Event: 128.466 Thread 0x0000022676c75a60 DEOPT PACKING pc=0x0000022622efc2ec sp=0x000000bf166fed80
Event: 128.466 Thread 0x0000022676c75a60 DEOPT UNPACKING pc=0x0000022622083aa2 sp=0x000000bf166fed40 mode 2
Event: 128.473 Thread 0x0000022676c75a60 Uncommon trap: trap_request=0xffffffde fr.pc=0x00000226230badb0 relative=0x0000000000000530
Event: 128.473 Thread 0x0000022676c75a60 Uncommon trap: reason=class_check action=maybe_recompile pc=0x00000226230badb0 method=sun.nio.cs.StreamEncoder.<init>(Ljava/io/OutputStream;Ljava/lang/Object;Ljava/nio/charset/Charset;)V @ 4 c2
Event: 128.473 Thread 0x0000022676c75a60 DEOPT PACKING pc=0x00000226230badb0 sp=0x000000bf166fecf0
Event: 128.473 Thread 0x0000022676c75a60 DEOPT UNPACKING pc=0x0000022622083aa2 sp=0x000000bf166fec20 mode 2
Event: 128.474 Thread 0x0000022676c75a60 Uncommon trap: trap_request=0xffffffde fr.pc=0x0000022622f8f058 relative=0x00000000000011b8
Event: 128.474 Thread 0x0000022676c75a60 Uncommon trap: reason=class_check action=maybe_recompile pc=0x0000022622f8f058 method=java.nio.charset.CharsetEncoder.encode(Ljava/nio/CharBuffer;Ljava/nio/ByteBuffer;Z)Ljava/nio/charset/CoderResult; @ 57 c2
Event: 128.474 Thread 0x0000022676c75a60 DEOPT PACKING pc=0x0000022622f8f058 sp=0x000000bf166feca0
Event: 128.474 Thread 0x0000022676c75a60 DEOPT UNPACKING pc=0x0000022622083aa2 sp=0x000000bf166fe900 mode 2
Event: 130.775 Thread 0x00000226785c3180 Uncommon trap: trap_request=0xffffffe4 fr.pc=0x00000226230ecc88 relative=0x0000000000000368
Event: 130.775 Thread 0x00000226785c3180 Uncommon trap: reason=range_check action=make_not_entrant pc=0x00000226230ecc88 method=java.util.LinkedHashMap.keysToArray([Ljava/lang/Object;Z)[Ljava/lang/Object; @ 67 c2
Event: 130.775 Thread 0x00000226785c3180 DEOPT PACKING pc=0x00000226230ecc88 sp=0x000000bf18cff480
Event: 130.775 Thread 0x00000226785c3180 DEOPT UNPACKING pc=0x0000022622083aa2 sp=0x000000bf18cff400 mode 2
Event: 132.280 Thread 0x0000022676c781c0 Uncommon trap: trap_request=0xffffff45 fr.pc=0x0000022622cd7520 relative=0x0000000000000200
Event: 132.280 Thread 0x0000022676c781c0 Uncommon trap: reason=unstable_if action=reinterpret pc=0x0000022622cd7520 method=java.util.concurrent.ConcurrentLinkedQueue.updateHead(Ljava/util/concurrent/ConcurrentLinkedQueue$Node;Ljava/util/concurrent/ConcurrentLinkedQueue$Node;)V @ 14 c2
Event: 132.280 Thread 0x0000022676c781c0 DEOPT PACKING pc=0x0000022622cd7520 sp=0x000000bf164ff030
Event: 132.280 Thread 0x0000022676c781c0 DEOPT UNPACKING pc=0x0000022622083aa2 sp=0x000000bf164fef48 mode 2
Event: 137.773 Thread 0x00000226752c6700 DEOPT PACKING pc=0x000002261c268231 sp=0x000000bf1bcfe850
Event: 137.774 Thread 0x00000226752c6700 DEOPT UNPACKING pc=0x0000022622084242 sp=0x000000bf1bcfdea0 mode 0

Classes loaded (20 events):
Event: 128.167 Loading class java/util/stream/Nodes$CollectorTask$OfRef
Event: 128.172 Loading class java/util/stream/Nodes$CollectorTask
Event: 128.181 Loading class java/util/stream/Nodes$CollectorTask done
Event: 128.181 Loading class java/util/stream/Nodes$CollectorTask$OfRef done
Event: 128.241 Loading class java/util/function/LongFunction
Event: 128.242 Loading class java/util/function/LongFunction done
Event: 128.244 Loading class java/util/stream/Nodes$ConcNode
Event: 128.245 Loading class java/util/stream/Nodes$AbstractConcNode
Event: 128.248 Loading class java/util/stream/Nodes$AbstractConcNode done
Event: 128.248 Loading class java/util/stream/Nodes$ConcNode done
Event: 128.295 Loading class java/util/stream/Nodes$ToArrayTask$OfRef
Event: 128.320 Loading class java/util/stream/Nodes$ToArrayTask
Event: 128.321 Loading class java/util/stream/Nodes$ToArrayTask done
Event: 128.321 Loading class java/util/stream/Nodes$ToArrayTask$OfRef done
Event: 128.333 Loading class java/io/ObjectOutputStream$BlockDataOutputStream
Event: 128.334 Loading class java/io/ObjectOutputStream$BlockDataOutputStream done
Event: 128.335 Loading class java/io/ObjectOutputStream$HandleTable
Event: 128.335 Loading class java/io/ObjectOutputStream$HandleTable done
Event: 128.335 Loading class java/io/ObjectOutputStream$ReplaceTable
Event: 128.336 Loading class java/io/ObjectOutputStream$ReplaceTable done

Classes unloaded (8 events):
Event: 20.051 Thread 0x00000226179b12e0 Unloading class 0x00000226301acc00 'java/lang/invoke/LambdaForm$MH+0x00000226301acc00'
Event: 20.051 Thread 0x00000226179b12e0 Unloading class 0x00000226301ac800 'java/lang/invoke/LambdaForm$MH+0x00000226301ac800'
Event: 20.051 Thread 0x00000226179b12e0 Unloading class 0x00000226301ac400 'java/lang/invoke/LambdaForm$MH+0x00000226301ac400'
Event: 20.051 Thread 0x00000226179b12e0 Unloading class 0x00000226301ac000 'java/lang/invoke/LambdaForm$MH+0x00000226301ac000'
Event: 20.051 Thread 0x00000226179b12e0 Unloading class 0x00000226301abc00 'java/lang/invoke/LambdaForm$BMH+0x00000226301abc00'
Event: 20.051 Thread 0x00000226179b12e0 Unloading class 0x00000226301ab800 'java/lang/invoke/LambdaForm$DMH+0x00000226301ab800'
Event: 20.051 Thread 0x00000226179b12e0 Unloading class 0x00000226301aa400 'java/lang/invoke/LambdaForm$DMH+0x00000226301aa400'
Event: 25.886 Thread 0x00000226179b12e0 Unloading class 0x0000022630301400 'java/lang/invoke/LambdaForm$MH+0x0000022630301400'

Classes redefined (0 events):
No events

Internal exceptions (20 events):
Event: 144.093 Thread 0x00000226780d4720 Exception <a 'sun/nio/fs/WindowsException'{0x00000000d5745a18}> (0x00000000d5745a18) 
thrown [s\src\hotspot\share\prims\jni.cpp, line 520]
Event: 144.093 Thread 0x00000226780d4720 Exception <a 'sun/nio/fs/WindowsException'{0x00000000d5746210}> (0x00000000d5746210) 
thrown [s\src\hotspot\share\prims\jni.cpp, line 520]
Event: 144.093 Thread 0x00000226780d4720 Exception <a 'sun/nio/fs/WindowsException'{0x00000000d5747030}> (0x00000000d5747030) 
thrown [s\src\hotspot\share\prims\jni.cpp, line 520]
Event: 144.094 Thread 0x00000226780d4720 Exception <a 'sun/nio/fs/WindowsException'{0x00000000d5747818}> (0x00000000d5747818) 
thrown [s\src\hotspot\share\prims\jni.cpp, line 520]
Event: 144.118 Thread 0x0000022677e861e0 Exception <a 'sun/nio/fs/WindowsException'{0x00000000d5663c78}> (0x00000000d5663c78) 
thrown [s\src\hotspot\share\prims\jni.cpp, line 520]
Event: 144.118 Thread 0x0000022677e861e0 Exception <a 'sun/nio/fs/WindowsException'{0x00000000d5664218}> (0x00000000d5664218) 
thrown [s\src\hotspot\share\prims\jni.cpp, line 520]
Event: 144.118 Thread 0x0000022677e861e0 Exception <a 'sun/nio/fs/WindowsException'{0x00000000d5673970}> (0x00000000d5673970) 
thrown [s\src\hotspot\share\prims\jni.cpp, line 520]
Event: 144.118 Thread 0x0000022677e861e0 Exception <a 'sun/nio/fs/WindowsException'{0x00000000d568a190}> (0x00000000d568a190) 
thrown [s\src\hotspot\share\prims\jni.cpp, line 520]
Event: 144.119 Thread 0x0000022677e861e0 Exception <a 'sun/nio/fs/WindowsException'{0x00000000d56a8ce0}> (0x00000000d56a8ce0) 
thrown [s\src\hotspot\share\prims\jni.cpp, line 520]
Event: 144.131 Thread 0x0000022677e861e0 Exception <a 'sun/nio/fs/WindowsException'{0x00000000d56bf388}> (0x00000000d56bf388) 
thrown [s\src\hotspot\share\prims\jni.cpp, line 520]
Event: 144.132 Thread 0x0000022677e861e0 Exception <a 'sun/nio/fs/WindowsException'{0x00000000d586fef8}> (0x00000000d586fef8) 
thrown [s\src\hotspot\share\prims\jni.cpp, line 520]
Event: 144.132 Thread 0x0000022677e861e0 Exception <a 'sun/nio/fs/WindowsException'{0x00000000d5877bc0}> (0x00000000d5877bc0) 
thrown [s\src\hotspot\share\prims\jni.cpp, line 520]
Event: 144.174 Thread 0x0000022677e89660 Exception <a 'sun/nio/fs/WindowsException'{0x00000000d55efc90}> (0x00000000d55efc90) 
thrown [s\src\hotspot\share\prims\jni.cpp, line 520]
Event: 144.175 Thread 0x0000022677e89660 Exception <a 'sun/nio/fs/WindowsException'{0x00000000d55f0138}> (0x00000000d55f0138) 
thrown [s\src\hotspot\share\prims\jni.cpp, line 520]
Event: 144.175 Thread 0x0000022677e89660 Exception <a 'sun/nio/fs/WindowsException'{0x00000000d55f7d88}> (0x00000000d55f7d88) 
thrown [s\src\hotspot\share\prims\jni.cpp, line 520]
Event: 144.176 Thread 0x0000022677e89660 Exception <a 'sun/nio/fs/WindowsException'{0x00000000d55f8570}> (0x00000000d55f8570) 
thrown [s\src\hotspot\share\prims\jni.cpp, line 520]
Event: 144.177 Thread 0x0000022677e89660 Exception <a 'sun/nio/fs/WindowsException'{0x00000000d5602a88}> (0x00000000d5602a88) 
thrown [s\src\hotspot\share\prims\jni.cpp, line 520]
Event: 144.177 Thread 0x0000022677e89660 Exception <a 'sun/nio/fs/WindowsException'{0x00000000d5602f30}> (0x00000000d5602f30) 
thrown [s\src\hotspot\share\prims\jni.cpp, line 520]
Event: 144.177 Thread 0x0000022677e89660 Exception <a 'sun/nio/fs/WindowsException'{0x00000000d5604af8}> (0x00000000d5604af8) 
thrown [s\src\hotspot\share\prims\jni.cpp, line 520]
Event: 144.178 Thread 0x0000022677e89660 Exception <a 'sun/nio/fs/WindowsException'{0x00000000d56052f0}> (0x00000000d56052f0) 
thrown [s\src\hotspot\share\prims\jni.cpp, line 520]

ZGC Phase Switch (0 events):
No events

VM Operations (20 events):
Event: 143.718 Executing safepoint VM operation: ParallelGCFailedAllocation (Allocation Failure)
Event: 143.723 Executing safepoint VM operation: ParallelGCFailedAllocation (Allocation Failure) done
Event: 143.730 Executing safepoint VM operation: ParallelGCFailedAllocation (Allocation Failure)
Event: 143.736 Executing safepoint VM operation: ParallelGCFailedAllocation (Allocation Failure) done
Event: 143.759 Executing safepoint VM operation: ParallelGCFailedAllocation (Allocation Failure)
Event: 143.770 Executing safepoint VM operation: ParallelGCFailedAllocation (Allocation Failure) done
Event: 143.839 Executing safepoint VM operation: ParallelGCFailedAllocation (Allocation Failure)
Event: 143.853 Executing safepoint VM operation: ParallelGCFailedAllocation (Allocation Failure) done
Event: 143.865 Executing safepoint VM operation: ParallelGCFailedAllocation (Allocation Failure)
Event: 143.869 Executing safepoint VM operation: ParallelGCFailedAllocation (Allocation Failure) done
Event: 143.911 Executing safepoint VM operation: ParallelGCFailedAllocation (Allocation Failure)
Event: 143.917 Executing safepoint VM operation: ParallelGCFailedAllocation (Allocation Failure) done
Event: 143.969 Executing safepoint VM operation: ParallelGCFailedAllocation (Allocation Failure)
Event: 143.974 Executing safepoint VM operation: ParallelGCFailedAllocation (Allocation Failure) done
Event: 144.028 Executing safepoint VM operation: ParallelGCFailedAllocation (Allocation Failure)
Event: 144.034 Executing safepoint VM operation: ParallelGCFailedAllocation (Allocation Failure) done
Event: 144.107 Executing safepoint VM operation: ParallelGCFailedAllocation (Allocation Failure)
Event: 144.114 Executing safepoint VM operation: ParallelGCFailedAllocation (Allocation Failure) done
Event: 144.133 Executing safepoint VM operation: ParallelGCFailedAllocation (Allocation Failure)
Event: 144.151 Executing safepoint VM operation: ParallelGCFailedAllocation (Allocation Failure) done

Memory protections (0 events):
No events

Nmethod flushes (20 events):
Event: 91.234 Thread 0x00000226179b12e0 flushing  nmethod 0x000002261b3bad90
Event: 91.234 Thread 0x00000226179b12e0 flushing  nmethod 0x000002261b3bcd10
Event: 91.234 Thread 0x00000226179b12e0 flushing  nmethod 0x000002261b3bd190
Event: 91.234 Thread 0x00000226179b12e0 flushing  nmethod 0x000002261b3e1590
Event: 91.234 Thread 0x00000226179b12e0 flushing  nmethod 0x000002261b3e9010
Event: 91.234 Thread 0x00000226179b12e0 flushing  nmethod 0x000002261b3eeb90
Event: 91.234 Thread 0x00000226179b12e0 flushing  nmethod 0x000002261b3f5090
Event: 91.234 Thread 0x00000226179b12e0 flushing  nmethod 0x000002261b3f5790
Event: 91.234 Thread 0x00000226179b12e0 flushing  nmethod 0x000002261b3f6710
Event: 91.234 Thread 0x00000226179b12e0 flushing  nmethod 0x000002261b3f6d10
Event: 91.234 Thread 0x00000226179b12e0 flushing  nmethod 0x000002261b3f7590
Event: 91.234 Thread 0x00000226179b12e0 flushing  nmethod 0x000002261b3f7910
Event: 91.234 Thread 0x00000226179b12e0 flushing  nmethod 0x000002261b3f9990
Event: 91.234 Thread 0x00000226179b12e0 flushing  nmethod 0x000002261b3fac10
Event: 91.234 Thread 0x00000226179b12e0 flushing  nmethod 0x000002261b3fd010
Event: 91.234 Thread 0x00000226179b12e0 flushing  nmethod 0x000002261b455610
Event: 91.234 Thread 0x00000226179b12e0 flushing  nmethod 0x000002261b45fe10
Event: 91.234 Thread 0x00000226179b12e0 flushing  nmethod 0x000002261b465e10
Event: 91.234 Thread 0x00000226179b12e0 flushing  nmethod 0x000002261b467390
Event: 91.234 Thread 0x00000226179b12e0 flushing osr nmethod 0x000002261b46ed90

Events (20 events):
Event: 142.975 Thread 0x00000226752caf30 Thread added: 0x0000022676d9dba0
Event: 143.051 Thread 0x0000022676d9dba0 Thread exited: 0x0000022676d9dba0
Event: 143.231 Thread 0x00000226765882f0 Thread added: 0x0000022676d9dba0
Event: 143.326 Thread 0x0000022676d9dba0 Thread exited: 0x0000022676d9dba0
Event: 143.336 Thread 0x00000226785c3180 Thread added: 0x0000022676d9ef50
Event: 143.387 Thread 0x0000022676d9ef50 Thread exited: 0x0000022676d9ef50
Event: 143.482 Thread 0x00000226752ca8a0 Thread added: 0x0000022676d9dba0
Event: 143.506 Thread 0x0000022676d9dba0 Thread exited: 0x0000022676d9dba0
Event: 143.572 Thread 0x00000226752cb5c0 Thread added: 0x0000022676d9dba0
Event: 143.602 Thread 0x0000022676d9dba0 Thread exited: 0x0000022676d9dba0
Event: 143.665 Thread 0x0000022676c736f0 Thread added: 0x0000022676d9e230
Event: 143.686 Thread 0x0000022676d9e230 Thread exited: 0x0000022676d9e230
Event: 143.777 Thread 0x0000022676589010 Thread added: 0x0000022676d9f5e0
Event: 143.798 Thread 0x0000022676d9f5e0 Thread exited: 0x0000022676d9f5e0
Event: 143.878 Thread 0x00000226785c5250 Thread added: 0x0000022676d9dba0
Event: 143.902 Thread 0x0000022676d9dba0 Thread exited: 0x0000022676d9dba0
Event: 143.956 Thread 0x00000226766ad4c0 Thread added: 0x0000022676d9bad0
Event: 143.980 Thread 0x0000022676d9bad0 Thread exited: 0x0000022676d9bad0
Event: 144.038 Thread 0x000002267658a3c0 Thread added: 0x0000022676da1020
Event: 144.082 Thread 0x0000022676da1020 Thread exited: 0x0000022676da1020


Dynamic libraries:
0x00007ff7bcb50000 - 0x00007ff7bcb5e000 	c:\Users\ONCALL\.vscode\extensions\redhat.java-1.56.0-win32-x64\jre\21.0.12.1-win32-x86_64\bin\java.exe
0x00007ffc69f70000 - 0x00007ffc6a168000 	C:\WINDOWS\SYSTEM32\ntdll.dll
0x00007ffc696d0000 - 0x00007ffc69792000 	C:\WINDOWS\System32\KERNEL32.DLL
0x00007ffc67910000 - 0x00007ffc67c07000 	C:\WINDOWS\System32\KERNELBASE.dll
0x00007ffc67810000 - 0x00007ffc67910000 	C:\WINDOWS\System32\ucrtbase.dll
0x00007ffc45200000 - 0x00007ffc45218000 	c:\Users\ONCALL\.vscode\extensions\redhat.java-1.56.0-win32-x64\jre\21.0.12.1-win32-x86_64\bin\jli.dll
0x00007ffc68b60000 - 0x00007ffc68cfd000 	C:\WINDOWS\System32\USER32.dll
0x00007ffc67c10000 - 0x00007ffc67c32000 	C:\WINDOWS\System32\win32u.dll
0x00007ffc68b30000 - 0x00007ffc68b5b000 	C:\WINDOWS\System32\GDI32.dll
0x00007ffc676f0000 - 0x00007ffc6780a000 	C:\WINDOWS\System32\gdi32full.dll
0x00007ffc67ed0000 - 0x00007ffc67f6d000 	C:\WINDOWS\System32\msvcp_win.dll
0x00007ffc33510000 - 0x00007ffc3352e000 	c:\Users\ONCALL\.vscode\extensions\redhat.java-1.56.0-win32-x64\jre\21.0.12.1-win32-x86_64\bin\VCRUNTIME140.dll
0x00007ffc5a520000 - 0x00007ffc5a7bb000 	C:\WINDOWS\WinSxS\amd64_microsoft.windows.common-controls_6595b64144ccf1df_6.0.19041.6926_none_60b5a53971f8f7e6\COMCTL32.dll
0x00007ffc68f10000 - 0x00007ffc68fae000 	C:\WINDOWS\System32\msvcrt.dll
0x00007ffc68ec0000 - 0x00007ffc68eef000 	C:\WINDOWS\System32\IMM32.DLL
0x00007ffc53a90000 - 0x00007ffc53a9c000 	c:\Users\ONCALL\.vscode\extensions\redhat.java-1.56.0-win32-x64\jre\21.0.12.1-win32-x86_64\bin\vcruntime140_1.dll
0x00007ffc244f0000 - 0x00007ffc2457d000 	c:\Users\ONCALL\.vscode\extensions\redhat.java-1.56.0-win32-x64\jre\21.0.12.1-win32-x86_64\bin\msvcp140.dll
0x00007ffc1bb20000 - 0x00007ffc1c8c2000 	c:\Users\ONCALL\.vscode\extensions\redhat.java-1.56.0-win32-x64\jre\21.0.12.1-win32-x86_64\bin\server\jvm.dll
0x00007ffc69010000 - 0x00007ffc690c1000 	C:\WINDOWS\System32\ADVAPI32.dll
0x00007ffc68730000 - 0x00007ffc687cf000 	C:\WINDOWS\System32\sechost.dll
0x00007ffc68600000 - 0x00007ffc68726000 	C:\WINDOWS\System32\RPCRT4.dll
0x00007ffc67cf0000 - 0x00007ffc67d17000 	C:\WINDOWS\System32\bcrypt.dll
0x00007ffc67f70000 - 0x00007ffc67fdb000 	C:\WINDOWS\System32\WS2_32.dll
0x00007ffc66ae0000 - 0x00007ffc66b2b000 	C:\WINDOWS\SYSTEM32\POWRPROF.dll
0x00007ffc5adf0000 - 0x00007ffc5ae17000 	C:\WINDOWS\SYSTEM32\WINMM.dll
0x00007ffc5ade0000 - 0x00007ffc5adea000 	C:\WINDOWS\SYSTEM32\VERSION.dll
0x00007ffc669a0000 - 0x00007ffc669b2000 	C:\WINDOWS\SYSTEM32\UMPDC.dll
0x00007ffc65df0000 - 0x00007ffc65e02000 	C:\WINDOWS\SYSTEM32\kernel.appcore.dll
0x00007ffc4bfc0000 - 0x00007ffc4bfca000 	c:\Users\ONCALL\.vscode\extensions\redhat.java-1.56.0-win32-x64\jre\21.0.12.1-win32-x86_64\bin\jimage.dll
0x00007ffc5a7c0000 - 0x00007ffc5a9c1000 	C:\WINDOWS\SYSTEM32\DBGHELP.DLL
0x00007ffc50df0000 - 0x00007ffc50e24000 	C:\WINDOWS\SYSTEM32\dbgcore.DLL
0x00007ffc67660000 - 0x00007ffc676e2000 	C:\WINDOWS\System32\bcryptPrimitives.dll
0x00007ffc4bdd0000 - 0x00007ffc4bddf000 	c:\Users\ONCALL\.vscode\extensions\redhat.java-1.56.0-win32-x64\jre\21.0.12.1-win32-x86_64\bin\instrument.dll
0x00007ffc30f10000 - 0x00007ffc30f30000 	c:\Users\ONCALL\.vscode\extensions\redhat.java-1.56.0-win32-x64\jre\21.0.12.1-win32-x86_64\bin\java.dll
0x00007ffc697a0000 - 0x00007ffc69f11000 	C:\WINDOWS\System32\SHELL32.dll
0x00007ffc65560000 - 0x00007ffc65d06000 	C:\WINDOWS\SYSTEM32\windows.storage.dll
0x00007ffc687d0000 - 0x00007ffc68b23000 	C:\WINDOWS\System32\combase.dll
0x00007ffc67000000 - 0x00007ffc6702b000 	C:\WINDOWS\SYSTEM32\Wldp.dll
0x00007ffc682a0000 - 0x00007ffc68376000 	C:\WINDOWS\System32\OLEAUT32.dll
0x00007ffc67fe0000 - 0x00007ffc6808d000 	C:\WINDOWS\System32\SHCORE.dll
0x00007ffc690d0000 - 0x00007ffc6912b000 	C:\WINDOWS\System32\shlwapi.dll
0x00007ffc67510000 - 0x00007ffc67534000 	C:\WINDOWS\SYSTEM32\profapi.dll
0x00007ffc2fcd0000 - 0x00007ffc2fce8000 	c:\Users\ONCALL\.vscode\extensions\redhat.java-1.56.0-win32-x64\jre\21.0.12.1-win32-x86_64\bin\zip.dll
0x00007ffc4bcc0000 - 0x00007ffc4bcd0000 	C:\Users\ONCALL\.vscode\extensions\redhat.java-1.56.0-win32-x64\jre\21.0.12.1-win32-x86_64\bin\net.dll
0x00007ffc5ed40000 - 0x00007ffc5ee4a000 	C:\WINDOWS\SYSTEM32\WINHTTP.dll
0x00007ffc66d30000 - 0x00007ffc66d9a000 	C:\WINDOWS\system32\mswsock.dll
0x00007ffc2fb70000 - 0x00007ffc2fb86000 	C:\Users\ONCALL\.vscode\extensions\redhat.java-1.56.0-win32-x64\jre\21.0.12.1-win32-x86_64\bin\nio.dll
0x00007ffc4bc60000 - 0x00007ffc4bc70000 	c:\Users\ONCALL\.vscode\extensions\redhat.java-1.56.0-win32-x64\jre\21.0.12.1-win32-x86_64\bin\verify.dll
0x00007ffc2fdf0000 - 0x00007ffc2fe35000 	C:\Users\ONCALL\AppData\Roaming\Code\User\globalStorage\redhat.java\1.56.0\config_win\org.eclipse.equinox.launcher\org.eclipse.equinox.launcher.win32.win32.x86_64_1.3.100.v20260804-1928\eclipse_11924.dll
0x00007ffc695a0000 - 0x00007ffc696cb000 	C:\WINDOWS\System32\ole32.dll
0x00007ffc66f60000 - 0x00007ffc66f78000 	C:\WINDOWS\SYSTEM32\CRYPTSP.dll
0x00007ffc665e0000 - 0x00007ffc66618000 	C:\WINDOWS\system32\rsaenh.dll
0x00007ffc67480000 - 0x00007ffc674ae000 	C:\WINDOWS\SYSTEM32\USERENV.dll
0x00007ffc66f50000 - 0x00007ffc66f5c000 	C:\WINDOWS\SYSTEM32\CRYPTBASE.dll
0x00007ffc669c0000 - 0x00007ffc669fb000 	C:\WINDOWS\SYSTEM32\IPHLPAPI.DLL
0x00007ffc685e0000 - 0x00007ffc685e8000 	C:\WINDOWS\System32\NSI.dll
0x00007ffc23f60000 - 0x00007ffc23fa9000 	C:\Users\ONCALL\AppData\Local\Temp\jna--1959168835\jna13455212079624391120.dll
0x00007ffc685f0000 - 0x00007ffc685f8000 	C:\WINDOWS\System32\PSAPI.DLL
0x00007ffc5f520000 - 0x00007ffc5f537000 	C:\WINDOWS\SYSTEM32\dhcpcsvc6.DLL
0x00007ffc5fb80000 - 0x00007ffc5fb9d000 	C:\WINDOWS\SYSTEM32\dhcpcsvc.DLL

JVMTI agents:
c:\Users\ONCALL\.vscode\extensions\redhat.java-1.56.0-win32-x64\lombok\lombok-1.18.39-4050.jar path:c:\Users\ONCALL\.vscode\extensions\redhat.java-1.56.0-win32-x64\jre\21.0.12.1-win32-x86_64\bin\instrument.dll, loaded, initialized, instrumentlib options:none

dbghelp: loaded successfully - version: 4.0.5 - missing functions: none
symbol engine: initialized successfully - sym options: 0x614 - pdb path: .;c:\Users\ONCALL\.vscode\extensions\redhat.java-1.56.0-win32-x64\jre\21.0.12.1-win32-x86_64\bin;C:\WINDOWS\SYSTEM32;C:\WINDOWS\WinSxS\amd64_microsoft.windows.common-controls_6595b64144ccf1df_6.0.19041.6926_none_60b5a53971f8f7e6;c:\Users\ONCALL\.vscode\extensions\redhat.java-1.56.0-win32-x64\jre\21.0.12.1-win32-x86_64\bin\server;C:\Users\ONCALL\AppData\Roaming\Code\User\globalStorage\redhat.java\1.56.0\config_win\org.eclipse.equinox.launcher\org.eclipse.equinox.launcher.win32.win32.x86_64_1.3.100.v20260804-1928;C:\Users\ONCALL\AppData\Local\Temp\jna--1959168835

VM Arguments:
jvm_args: --add-modules=ALL-SYSTEM --add-opens=java.base/java.util=ALL-UNNAMED --add-opens=java.base/java.lang=ALL-UNNAMED --add-opens=java.base/sun.nio.fs=ALL-UNNAMED -Declipse.application=org.eclipse.jdt.ls.core.id1 -Dosgi.bundles.defaultStartLevel=4 -Declipse.product=org.eclipse.jdt.ls.core.product -Djava.import.generatesMetadataFilesAtProjectRoot=false -Dm2e.project.cache.size=50 -DDetectVMInstallationsJob.disabled=true -Dfile.encoding=utf8 -XX:+UseParallelGC -XX:GCTimeRatio=4 -XX:AdaptiveSizePolicyWeight=90 -Dsun.zip.disableMemoryMapping=true -Xmx2G -Xms100m -Xlog:disable -javaagent:c:\Users\ONCALL\.vscode\extensions\redhat.java-1.56.0-win32-x64\lombok\lombok-1.18.39-4050.jar -XX:+HeapDumpOnOutOfMemoryError -XX:HeapDumpPath=c:\Users\ONCALL\AppData\Roaming\Code\User\workspaceStorage\0d18a02cec90619d5dccb0ecb6b3322e\redhat.java -Daether.dependencyCollector.impl=bf 
java_command: c:\Users\ONCALL\.vscode\extensions\redhat.java-1.56.0-win32-x64\server\plugins\org.eclipse.equinox.launcher_1.8.0.v20260804-1928.jar -configuration c:\Users\ONCALL\AppData\Roaming\Code\User\globalStorage\redhat.java\1.56.0\config_win -data c:\Users\ONCALL\AppData\Roaming\Code\User\workspaceStorage\0d18a02cec90619d5dccb0ecb6b3322e\redhat.java\jdt_ws --stdio
java_class_path (initial): c:\Users\ONCALL\.vscode\extensions\redhat.java-1.56.0-win32-x64\server\plugins\org.eclipse.equinox.launcher_1.8.0.v20260804-1928.jar
Launcher Type: SUN_STANDARD

[Global flags]
    uintx AdaptiveSizePolicyWeight                 = 90                                        {product} {command line}
     intx CICompilerCount                          = 3                                         {product} {ergonomic}
    uintx GCTimeRatio                              = 4                                         {product} {command line}
     bool HeapDumpOnOutOfMemoryError               = true                                   {manageable} {command line}
    ccstr HeapDumpPath                             = c:\Users\ONCALL\AppData\Roaming\Code\User\workspaceStorage\0d18a02cec90619d5dccb0ecb6b3322e\redhat.java         {manageable} {command line}
   size_t InitialHeapSize                          = 104857600                                 {product} {command line}
   size_t MaxHeapSize                              = 2147483648                                {product} {command line}
   size_t MaxNewSize                               = 715653120                                 {product} {ergonomic}
   size_t MinHeapDeltaBytes                        = 524288                                    {product} {ergonomic}
   size_t MinHeapSize                              = 104857600                                 {product} {command line}
   size_t NewSize                                  = 34603008                                  {product} {ergonomic}
    uintx NonNMethodCodeHeapSize                   = 5832780                                {pd product} {ergonomic}
    uintx NonProfiledCodeHeapSize                  = 122912730                              {pd product} {ergonomic}
   size_t OldSize                                  = 70254592                                  {product} {ergonomic}
    uintx ProfiledCodeHeapSize                     = 122912730                              {pd product} {ergonomic}
    uintx ReservedCodeCacheSize                    = 251658240                              {pd product} {ergonomic}
     bool SegmentedCodeCache                       = true                                      {product} {ergonomic}
   size_t SoftMaxHeapSize                          = 2147483648                             {manageable} {ergonomic}
     bool UseCompressedOops                        = true                           {product lp64_product} {ergonomic}
     bool UseLargePagesIndividualAllocation        = false                                  {pd product} {ergonomic}
     bool UseParallelGC                            = true                                      {product} {command line}

Logging:
Log output configuration:
 #0: stdout all=off uptime,level,tags foldmultilines=false
 #1: stderr all=off uptime,level,tags foldmultilines=false

Release file:
JAVA_VERSION="21.0.12.1" 
MODULES="java.base java.compiler java.datatransfer java.xml java.prefs java.desktop java.instrument java.logging java.management java.security.sasl java.naming java.rmi java.management.rmi java.net.http java.scripting java.security.jgss java.transaction.xa java.sql java.sql.rowset java.xml.crypto java.se java.smartcardio jdk.accessibility jdk.internal.jvmstat jdk.attach jdk.charsets jdk.internal.opt jdk.zipfs jdk.compiler jdk.crypto.ec jdk.crypto.cryptoki jdk.crypto.mscapi jdk.dynalink jdk.internal.ed jdk.editpad jdk.hotspot.agent jdk.httpserver jdk.internal.le jdk.internal.vm.ci jdk.internal.vm.compiler jdk.internal.vm.compiler.management jdk.jartool jdk.javadoc jdk.jcmd jdk.management jdk.management.agent jdk.jconsole jdk.jdeps jdk.jdwp.agent jdk.jdi jdk.jfr jdk.jshell jdk.jsobject jdk.jstatd jdk.localedata jdk.management.jfr jdk.naming.dns jdk.naming.rmi jdk.net jdk.nio.mapmode jdk.random jdk.sctp jdk.security.auth jdk.security.jgss jdk.unsupported jdk.unsupported.desktop jdk.xml.dom" 

Environment Variables:
JAVA_HOME=C:\Program Files\Java\jdk-17
PATH=C:\Python314\Scripts\;C:\Python314\;C:\Program Files\Common Files\Oracle\Java\javapath;C:\WINDOWS\system32;C:\WINDOWS;C:\WINDOWS\System32\Wbem;C:\WINDOWS\System32\WindowsPowerShell\v1.0\;C:\WINDOWS\System32\OpenSSH\;C:\Program Files\CMake\bin;C:\ProgramData\chocolatey\bin;C:\Program Files\Git\cmd;C:\flutter\bin;C:\Program Files\PowerShell\7\;C:\Users\ONCALL\.local\bin;C:\Users\ONCALL\AppData\Local\Microsoft\WindowsApps;C:\Users\ONCALL\AppData\Local\Programs\Microsoft VS Code\bin;C:\flutter\bin;C:\Users\ONCALL\AppData\Local\Android\Sdk\cmdline-tools\latest\bin;JAVA_HOME = C:\Program Files\Java\jdk-17;? Add CMake to the system PATH for all users;C:\Program Files\CMake\bin;C:\Users\ONCALL\AppData\Local\Pub\Cache\bin;C:\Users\ONCALL\AppData\Local\Pub\Cache\bin;C:\Users\ONCALL\AppData\Local\Python\bin
USERNAME=ONCALL
OS=Windows_NT
PROCESSOR_IDENTIFIER=Intel64 Family 6 Model 42 Stepping 7, GenuineIntel
TMP=C:\Users\ONCALL\AppData\Local\Temp
TEMP=C:\Users\ONCALL\AppData\Local\Temp




Periodic native trim disabled

---------------  S Y S T E M  ---------------

OS:
 Windows 10 , 64 bit Build 19041 (10.0.19041.7181)
OS uptime: 19 days 22:59 hours

CPU: total 4 (initial active 4) (2 cores per cpu, 2 threads per core) family 6 model 42 stepping 7 microcode 0x2f, cx8, cmov, fxsr, ht, mmx, sse, sse2, sse3, ssse3, sse4.1, sse4.2, popcnt, tsc, tscinvbit, avx, aes, clmul, vzeroupper, clflush, rdtscp
Processor Information for the first 4 processors :
  Max Mhz: 2501, Current Mhz: 2501, Mhz Limit: 2501

Memory: 4k page, system-wide physical 3976M (196M free)
TotalPageFile size 12168M (AvailPageFile size 1M)
current process WorkingSet (physical memory assigned to process): 691M, peak: 883M
current process commit charge ("private bytes"): 1396M, peak: 1653M

vm_info: OpenJDK 64-Bit Server VM (21.0.12.1+1-LTS) for windows-amd64 JRE (21.0.12.1+1-LTS), built on 2026-08-18T00:00:00Z by "admin" with MS VC++ 17.12 (VS2022)

END.
